// Jest Snapshot v1, https://goo.gl/fbAQLP

exports[`renders correctly 1`] = `
<View
  style={
    Object {
      "flex": 1,
      "marginBottom": 20,
    }
  }
>
  <Text
    style={
      Object {
        "color": "#0B354F",
        "fontSize": 25,
        "marginBottom": 10,
      }
    }
  >
    
  </Text>
</View>
`;
