// Jest Snapshot v1, https://goo.gl/fbAQLP

exports[`Testing Home Screen renders correctly 1`] = `
<View
  style={
    Object {
      "flex": 1,
    }
  }
>
  <RNCSafeAreaProvider
    onInsetsChange={[Function]}
    style={
      Array [
        Object {
          "flex": 1,
        },
        undefined,
      ]
    }
  >
    <View
      pointerEvents="box-none"
      style={
        Array [
          Object {
            "zIndex": 1,
          },
          false,
        ]
      }
    >
      <View
        accessibilityElementsHidden={false}
        importantForAccessibility="auto"
        onLayout={[Function]}
        pointerEvents="box-none"
        style={null}
      >
        <View
          pointerEvents="box-none"
          style={
            Object {
              "bottom": 0,
              "left": 0,
              "opacity": 1,
              "position": "absolute",
              "right": 0,
              "top": 0,
              "zIndex": 0,
            }
          }
        >
          <View
            style={
              Object {
                "backgroundColor": "rgb(255, 255, 255)",
                "borderBottomColor": "rgb(216, 216, 216)",
                "flex": 1,
                "shadowColor": "rgb(216, 216, 216)",
                "shadowOffset": Object {
                  "height": 0.5,
                  "width": 0,
                },
                "shadowOpacity": 0.85,
                "shadowRadius": 0,
              }
            }
          />
        </View>
        <View
          pointerEvents="box-none"
          style={
            Object {
              "height": 64,
              "maxHeight": undefined,
              "minHeight": undefined,
              "opacity": undefined,
              "transform": undefined,
            }
          }
        >
          <View
            pointerEvents="none"
            style={
              Object {
                "height": 20,
              }
            }
          />
          <View
            pointerEvents="box-none"
            style={
              Object {
                "alignItems": "center",
                "flex": 1,
                "flexDirection": "row",
                "justifyContent": "center",
              }
            }
          >
            <View
              pointerEvents="box-none"
              style={
                Object {
                  "marginHorizontal": 16,
                  "opacity": 1,
                }
              }
            >
              <Text
                accessibilityRole="header"
                aria-level="1"
                numberOfLines={1}
                onLayout={[Function]}
                style={
                  Object {
                    "color": "rgb(28, 28, 30)",
                    "fontSize": 17,
                    "fontWeight": "600",
                  }
                }
              >
                MockedScreen
              </Text>
            </View>
          </View>
        </View>
      </View>
    </View>
    <View
      onLayout={[Function]}
      style={
        Object {
          "flex": 1,
        }
      }
    >
      <View
        pointerEvents="box-none"
        style={
          Object {
            "bottom": 0,
            "left": 0,
            "position": "absolute",
            "right": 0,
            "top": 0,
          }
        }
      >
        <View
          collapsable={false}
          style={
            Object {
              "opacity": 1,
            }
          }
        />
        <View
          accessibilityElementsHidden={false}
          closing={false}
          gestureVelocityImpact={0.3}
          importantForAccessibility="auto"
          onClose={[Function]}
          onGestureBegin={[Function]}
          onGestureCanceled={[Function]}
          onGestureEnd={[Function]}
          onOpen={[Function]}
          onTransitionStart={[Function]}
          pointerEvents="box-none"
          style={
            Object {
              "bottom": 0,
              "left": 0,
              "position": "absolute",
              "right": 0,
              "top": 0,
            }
          }
          transitionSpec={
            Object {
              "close": Object {
                "animation": "spring",
                "config": Object {
                  "damping": 500,
                  "mass": 3,
                  "overshootClamping": true,
                  "restDisplacementThreshold": 10,
                  "restSpeedThreshold": 10,
                  "stiffness": 1000,
                },
              },
              "open": Object {
                "animation": "spring",
                "config": Object {
                  "damping": 500,
                  "mass": 3,
                  "overshootClamping": true,
                  "restDisplacementThreshold": 10,
                  "restSpeedThreshold": 10,
                  "stiffness": 1000,
                },
              },
            }
          }
        >
          <View
            pointerEvents="box-none"
            style={
              Object {
                "flex": 1,
              }
            }
          >
            <View
              collapsable={false}
              forwardedRef={[Function]}
              onGestureHandlerEvent={[Function]}
              onGestureHandlerStateChange={[Function]}
              style={
                Object {
                  "flex": 1,
                  "transform": Array [
                    Object {
                      "translateX": 0,
                    },
                    Object {
                      "translateX": 0,
                    },
                  ],
                }
              }
            >
              <View
                pointerEvents="none"
                style={
                  Object {
                    "backgroundColor": "rgb(242, 242, 242)",
                    "bottom": 0,
                    "left": 0,
                    "position": "absolute",
                    "shadowColor": "#000",
                    "shadowOffset": Object {
                      "height": 1,
                      "width": -1,
                    },
                    "shadowOpacity": 0.3,
                    "shadowRadius": 5,
                    "top": 0,
                    "width": 3,
                  }
                }
              />
              <View
                style={
                  Array [
                    Object {
                      "flex": 1,
                      "overflow": "hidden",
                    },
                    Array [
                      Object {
                        "backgroundColor": "rgb(242, 242, 242)",
                      },
                      undefined,
                    ],
                  ]
                }
              >
                <View
                  style={
                    Object {
                      "flex": 1,
                      "flexDirection": "column-reverse",
                    }
                  }
                >
                  <View
                    style={
                      Object {
                        "flex": 1,
                      }
                    }
                  >
                    <View
                      style={
                        Array [
                          Object {
                            "flex": 1,
                            "padding": 20,
                            "paddingBottom": 0,
                          },
                          Object {
                            "backgroundColor": "#E4F5F3",
                          },
                        ]
                      }
                    >
                      <View
                        style={
                          Object {
                            "alignItems": "center",
                            "flexDirection": "row",
                            "marginBottom": 20,
                          }
                        }
                      >
                        <View
                          accessible={true}
                          focusable={true}
                          onClick={[Function]}
                          onResponderGrant={[Function]}
                          onResponderMove={[Function]}
                          onResponderRelease={[Function]}
                          onResponderTerminate={[Function]}
                          onResponderTerminationRequest={[Function]}
                          onStartShouldSetResponder={[Function]}
                          style={
                            Object {
                              "alignItems": "center",
                              "flexDirection": "row",
                              "opacity": 1,
                            }
                          }
                        >
                          <Image
                            source={1}
                            style={
                              Object {
                                "height": 25,
                                "marginRight": 12,
                                "width": 25,
                              }
                            }
                          />
                          <Text
                            style={
                              Object {
                                "color": "#0B354F",
                                "fontWeight": "bold",
                              }
                            }
                          >
                            Hello 
                            Onur
                            , welcome :)
                          </Text>
                        </View>
                        <View
                          accessible={true}
                          focusable={true}
                          onClick={[Function]}
                          onResponderGrant={[Function]}
                          onResponderMove={[Function]}
                          onResponderRelease={[Function]}
                          onResponderTerminate={[Function]}
                          onResponderTerminationRequest={[Function]}
                          onStartShouldSetResponder={[Function]}
                          style={
                            Object {
                              "marginLeft": "auto",
                              "opacity": 1,
                              "width": 30,
                            }
                          }
                        >
                          <Text />
                        </View>
                      </View>
                      <RCTScrollView
                        contentContainerStyle={
                          Object {
                            "marginTop": 20,
                          }
                        }
                        refreshControl={
                          <RefreshControlMock
                            onRefresh={[Function]}
                            refreshing={false}
                          />
                        }
                        showsVerticalScrollIndicator={false}
                      >
                        <RCTRefreshControl />
                        <View>
                          <View
                            style={
                              Object {
                                "flex": 1,
                                "marginBottom": 20,
                              }
                            }
                          >
                            <Text
                              style={
                                Object {
                                  "color": "#0B354F",
                                  "fontSize": 25,
                                  "marginBottom": 10,
                                }
                              }
                            >
                              Popular Movies
                            </Text>
                            <RCTScrollView
                              ListFooterComponent={
                                <View
                                  style={
                                    Object {
                                      "alignItems": "center",
                                      "flex": 1,
                                      "justifyContent": "center",
                                      "marginRight": 20,
                                      "minWidth": 150,
                                    }
                                  }
                                >
                                  <Themed.Text
                                    onPress={[Function]}
                                    style={
                                      Array [
                                        Object {
                                          "fontSize": 18,
                                          "fontWeight": "bold",
                                        },
                                        Object {
                                          "color": "#0B354F",
                                        },
                                      ]
                                    }
                                  >
                                    Load More
                                  </Themed.Text>
                                </View>
                              }
                              data={Array []}
                              disableVirtualization={false}
                              getItem={[Function]}
                              getItemCount={[Function]}
                              horizontal={true}
                              initialNumToRender={10}
                              keyExtractor={[Function]}
                              maxToRenderPerBatch={10}
                              onContentSizeChange={[Function]}
                              onEndReachedThreshold={2}
                              onLayout={[Function]}
                              onMomentumScrollEnd={[Function]}
                              onScroll={[Function]}
                              onScrollBeginDrag={[Function]}
                              onScrollEndDrag={[Function]}
                              removeClippedSubviews={false}
                              renderItem={[Function]}
                              scrollEventThrottle={50}
                              showsHorizontalScrollIndicator={false}
                              stickyHeaderIndices={Array []}
                              updateCellsBatchingPeriod={50}
                              viewabilityConfigCallbackPairs={Array []}
                              windowSize={21}
                            >
                              <View>
                                <View
                                  onLayout={[Function]}
                                >
                                  <View
                                    style={
                                      Object {
                                        "alignItems": "center",
                                        "flex": 1,
                                        "justifyContent": "center",
                                        "marginRight": 20,
                                        "minWidth": 150,
                                      }
                                    }
                                  >
                                    <Text
                                      onPress={[Function]}
                                      style={
                                        Object {
                                          "color": "#0B354F",
                                          "fontSize": 18,
                                          "fontWeight": "bold",
                                        }
                                      }
                                    >
                                      Load More
                                    </Text>
                                  </View>
                                </View>
                              </View>
                            </RCTScrollView>
                          </View>
                          <View
                            style={
                              Object {
                                "flex": 1,
                                "marginBottom": 20,
                              }
                            }
                          >
                            <Text
                              style={
                                Object {
                                  "color": "#0B354F",
                                  "fontSize": 25,
                                  "marginBottom": 10,
                                }
                              }
                            >
                              Movie Categories
                            </Text>
                            <RCTScrollView
                              data={Array []}
                              disableVirtualization={false}
                              extraData={750}
                              getItem={[Function]}
                              getItemCount={[Function]}
                              horizontal={false}
                              initialNumToRender={10}
                              keyExtractor={[Function]}
                              maxToRenderPerBatch={10}
                              onContentSizeChange={[Function]}
                              onEndReachedThreshold={2}
                              onLayout={[Function]}
                              onMomentumScrollEnd={[Function]}
                              onScroll={[Function]}
                              onScrollBeginDrag={[Function]}
                              onScrollEndDrag={[Function]}
                              removeClippedSubviews={false}
                              renderItem={[Function]}
                              scrollEnabled={false}
                              scrollEventThrottle={50}
                              stickyHeaderIndices={Array []}
                              style={
                                Array [
                                  Object {
                                    "paddingTop": 15,
                                  },
                                  Object {
                                    "opacity": 0,
                                  },
                                ]
                              }
                              updateCellsBatchingPeriod={50}
                              viewabilityConfigCallbackPairs={Array []}
                              windowSize={21}
                            >
                              <View />
                            </RCTScrollView>
                          </View>
                        </View>
                      </RCTScrollView>
                    </View>
                  </View>
                </View>
              </View>
            </View>
          </View>
        </View>
      </View>
    </View>
  </RNCSafeAreaProvider>
</View>
`;

exports[`renders correctly 1`] = `
<View
  style={
    Object {
      "flex": 1,
    }
  }
>
  <RNCSafeAreaProvider
    onInsetsChange={[Function]}
    style={
      Array [
        Object {
          "flex": 1,
        },
        undefined,
      ]
    }
  >
    <View
      pointerEvents="box-none"
      style={
        Array [
          Object {
            "zIndex": 1,
          },
          false,
        ]
      }
    >
      <View
        accessibilityElementsHidden={false}
        importantForAccessibility="auto"
        onLayout={[Function]}
        pointerEvents="box-none"
        style={null}
      >
        <View
          pointerEvents="box-none"
          style={
            Object {
              "bottom": 0,
              "left": 0,
              "opacity": 1,
              "position": "absolute",
              "right": 0,
              "top": 0,
              "zIndex": 0,
            }
          }
        >
          <View
            style={
              Object {
                "backgroundColor": "rgb(255, 255, 255)",
                "borderBottomColor": "rgb(216, 216, 216)",
                "flex": 1,
                "shadowColor": "rgb(216, 216, 216)",
                "shadowOffset": Object {
                  "height": 0.5,
                  "width": 0,
                },
                "shadowOpacity": 0.85,
                "shadowRadius": 0,
              }
            }
          />
        </View>
        <View
          pointerEvents="box-none"
          style={
            Object {
              "height": 64,
              "maxHeight": undefined,
              "minHeight": undefined,
              "opacity": undefined,
              "transform": undefined,
            }
          }
        >
          <View
            pointerEvents="none"
            style={
              Object {
                "height": 20,
              }
            }
          />
          <View
            pointerEvents="box-none"
            style={
              Object {
                "alignItems": "center",
                "flex": 1,
                "flexDirection": "row",
                "justifyContent": "center",
              }
            }
          >
            <View
              pointerEvents="box-none"
              style={
                Object {
                  "marginHorizontal": 16,
                  "opacity": 1,
                }
              }
            >
              <Text
                accessibilityRole="header"
                aria-level="1"
                numberOfLines={1}
                onLayout={[Function]}
                style={
                  Object {
                    "color": "rgb(28, 28, 30)",
                    "fontSize": 17,
                    "fontWeight": "600",
                  }
                }
              >
                MockedScreen
              </Text>
            </View>
          </View>
        </View>
      </View>
    </View>
    <View
      onLayout={[Function]}
      style={
        Object {
          "flex": 1,
        }
      }
    >
      <View
        pointerEvents="box-none"
        style={
          Object {
            "bottom": 0,
            "left": 0,
            "position": "absolute",
            "right": 0,
            "top": 0,
          }
        }
      >
        <View
          collapsable={false}
          style={
            Object {
              "opacity": 1,
            }
          }
        />
        <View
          accessibilityElementsHidden={false}
          closing={false}
          gestureVelocityImpact={0.3}
          importantForAccessibility="auto"
          onClose={[Function]}
          onGestureBegin={[Function]}
          onGestureCanceled={[Function]}
          onGestureEnd={[Function]}
          onOpen={[Function]}
          onTransitionStart={[Function]}
          pointerEvents="box-none"
          style={
            Object {
              "bottom": 0,
              "left": 0,
              "position": "absolute",
              "right": 0,
              "top": 0,
            }
          }
          transitionSpec={
            Object {
              "close": Object {
                "animation": "spring",
                "config": Object {
                  "damping": 500,
                  "mass": 3,
                  "overshootClamping": true,
                  "restDisplacementThreshold": 10,
                  "restSpeedThreshold": 10,
                  "stiffness": 1000,
                },
              },
              "open": Object {
                "animation": "spring",
                "config": Object {
                  "damping": 500,
                  "mass": 3,
                  "overshootClamping": true,
                  "restDisplacementThreshold": 10,
                  "restSpeedThreshold": 10,
                  "stiffness": 1000,
                },
              },
            }
          }
        >
          <View
            pointerEvents="box-none"
            style={
              Object {
                "flex": 1,
              }
            }
          >
            <View
              collapsable={false}
              forwardedRef={[Function]}
              onGestureHandlerEvent={[Function]}
              onGestureHandlerStateChange={[Function]}
              style={
                Object {
                  "flex": 1,
                  "transform": Array [
                    Object {
                      "translateX": 0,
                    },
                    Object {
                      "translateX": 0,
                    },
                  ],
                }
              }
            >
              <View
                pointerEvents="none"
                style={
                  Object {
                    "backgroundColor": "rgb(242, 242, 242)",
                    "bottom": 0,
                    "left": 0,
                    "position": "absolute",
                    "shadowColor": "#000",
                    "shadowOffset": Object {
                      "height": 1,
                      "width": -1,
                    },
                    "shadowOpacity": 0.3,
                    "shadowRadius": 5,
                    "top": 0,
                    "width": 3,
                  }
                }
              />
              <View
                style={
                  Array [
                    Object {
                      "flex": 1,
                      "overflow": "hidden",
                    },
                    Array [
                      Object {
                        "backgroundColor": "rgb(242, 242, 242)",
                      },
                      undefined,
                    ],
                  ]
                }
              >
                <View
                  style={
                    Object {
                      "flex": 1,
                      "flexDirection": "column-reverse",
                    }
                  }
                >
                  <View
                    style={
                      Object {
                        "flex": 1,
                      }
                    }
                  >
                    <View
                      style={
                        Array [
                          Object {
                            "flex": 1,
                            "padding": 20,
                            "paddingBottom": 0,
                          },
                          Object {
                            "backgroundColor": "#E4F5F3",
                          },
                        ]
                      }
                    >
                      <View
                        style={
                          Object {
                            "alignItems": "center",
                            "flexDirection": "row",
                            "marginBottom": 20,
                          }
                        }
                      >
                        <View
                          accessible={true}
                          focusable={true}
                          onClick={[Function]}
                          onResponderGrant={[Function]}
                          onResponderMove={[Function]}
                          onResponderRelease={[Function]}
                          onResponderTerminate={[Function]}
                          onResponderTerminationRequest={[Function]}
                          onStartShouldSetResponder={[Function]}
                          style={
                            Object {
                              "alignItems": "center",
                              "flexDirection": "row",
                              "opacity": 1,
                            }
                          }
                        >
                          <Image
                            source={1}
                            style={
                              Object {
                                "height": 25,
                                "marginRight": 12,
                                "width": 25,
                              }
                            }
                          />
                          <Text
                            style={
                              Object {
                                "color": "#0B354F",
                                "fontWeight": "bold",
                              }
                            }
                          >
                            Hello 
                            Onur
                            , welcome :)
                          </Text>
                        </View>
                        <View
                          accessible={true}
                          focusable={true}
                          onClick={[Function]}
                          onResponderGrant={[Function]}
                          onResponderMove={[Function]}
                          onResponderRelease={[Function]}
                          onResponderTerminate={[Function]}
                          onResponderTerminationRequest={[Function]}
                          onStartShouldSetResponder={[Function]}
                          style={
                            Object {
                              "marginLeft": "auto",
                              "opacity": 1,
                              "width": 30,
                            }
                          }
                        >
                          <Text />
                        </View>
                      </View>
                      <RCTScrollView
                        contentContainerStyle={
                          Object {
                            "marginTop": 20,
                          }
                        }
                        refreshControl={
                          <RefreshControlMock
                            onRefresh={[Function]}
                            refreshing={false}
                          />
                        }
                        showsVerticalScrollIndicator={false}
                      >
                        <RCTRefreshControl />
                        <View>
                          <View
                            style={
                              Object {
                                "flex": 1,
                                "marginBottom": 20,
                              }
                            }
                          >
                            <Text
                              style={
                                Object {
                                  "color": "#0B354F",
                                  "fontSize": 25,
                                  "marginBottom": 10,
                                }
                              }
                            >
                              Popular Movies
                            </Text>
                            <RCTScrollView
                              ListFooterComponent={
                                <View
                                  style={
                                    Object {
                                      "alignItems": "center",
                                      "flex": 1,
                                      "justifyContent": "center",
                                      "marginRight": 20,
                                      "minWidth": 150,
                                    }
                                  }
                                >
                                  <Themed.Text
                                    onPress={[Function]}
                                    style={
                                      Array [
                                        Object {
                                          "fontSize": 18,
                                          "fontWeight": "bold",
                                        },
                                        Object {
                                          "color": "#0B354F",
                                        },
                                      ]
                                    }
                                  >
                                    Load More
                                  </Themed.Text>
                                </View>
                              }
                              data={Array []}
                              disableVirtualization={false}
                              getItem={[Function]}
                              getItemCount={[Function]}
                              horizontal={true}
                              initialNumToRender={10}
                              keyExtractor={[Function]}
                              maxToRenderPerBatch={10}
                              onContentSizeChange={[Function]}
                              onEndReachedThreshold={2}
                              onLayout={[Function]}
                              onMomentumScrollEnd={[Function]}
                              onScroll={[Function]}
                              onScrollBeginDrag={[Function]}
                              onScrollEndDrag={[Function]}
                              removeClippedSubviews={false}
                              renderItem={[Function]}
                              scrollEventThrottle={50}
                              showsHorizontalScrollIndicator={false}
                              stickyHeaderIndices={Array []}
                              updateCellsBatchingPeriod={50}
                              viewabilityConfigCallbackPairs={Array []}
                              windowSize={21}
                            >
                              <View>
                                <View
                                  onLayout={[Function]}
                                >
                                  <View
                                    style={
                                      Object {
                                        "alignItems": "center",
                                        "flex": 1,
                                        "justifyContent": "center",
                                        "marginRight": 20,
                                        "minWidth": 150,
                                      }
                                    }
                                  >
                                    <Text
                                      onPress={[Function]}
                                      style={
                                        Object {
                                          "color": "#0B354F",
                                          "fontSize": 18,
                                          "fontWeight": "bold",
                                        }
                                      }
                                    >
                                      Load More
                                    </Text>
                                  </View>
                                </View>
                              </View>
                            </RCTScrollView>
                          </View>
                          <View
                            style={
                              Object {
                                "flex": 1,
                                "marginBottom": 20,
                              }
                            }
                          >
                            <Text
                              style={
                                Object {
                                  "color": "#0B354F",
                                  "fontSize": 25,
                                  "marginBottom": 10,
                                }
                              }
                            >
                              Movie Categories
                            </Text>
                            <RCTScrollView
                              data={Array []}
                              disableVirtualization={false}
                              extraData={750}
                              getItem={[Function]}
                              getItemCount={[Function]}
                              horizontal={false}
                              initialNumToRender={10}
                              keyExtractor={[Function]}
                              maxToRenderPerBatch={10}
                              onContentSizeChange={[Function]}
                              onEndReachedThreshold={2}
                              onLayout={[Function]}
                              onMomentumScrollEnd={[Function]}
                              onScroll={[Function]}
                              onScrollBeginDrag={[Function]}
                              onScrollEndDrag={[Function]}
                              removeClippedSubviews={false}
                              renderItem={[Function]}
                              scrollEnabled={false}
                              scrollEventThrottle={50}
                              stickyHeaderIndices={Array []}
                              style={
                                Array [
                                  Object {
                                    "paddingTop": 15,
                                  },
                                  Object {
                                    "opacity": 0,
                                  },
                                ]
                              }
                              updateCellsBatchingPeriod={50}
                              viewabilityConfigCallbackPairs={Array []}
                              windowSize={21}
                            >
                              <View />
                            </RCTScrollView>
                          </View>
                        </View>
                      </RCTScrollView>
                    </View>
                  </View>
                </View>
              </View>
            </View>
          </View>
        </View>
      </View>
    </View>
  </RNCSafeAreaProvider>
</View>
`;
